Timestamp: 2026-02-17 User Request: "can you read prd.md and divide it into tasks following a test driven development? the template for characters is on ascii_library.txt. the project will be performed with 3 people in order for us to work independently. i also want an ai.log appender that will be on folder ai that has the following format..."

AI Assistant Output & Actions:

Task Breakdown: The assistant analyzed `prd.md` and `ascii_library.txt` to create a modular task list suitable for 3 developers.
- Developer 1: Core Infrastructure & Banner Parsing (Data Layer).
- Developer 2: Input Processing & Validation (Input Layer).
- Developer 3: Rendering Engine (Logic Layer).

TDD Strategy: The assistant outlined a "Red-Green-Refactor" cycle for the team:
- Red: Write a failing test for a specific requirement (e.g., "Load Banner", "Handle Newline").
- Green: Implement the minimal code to pass the test.
- Refactor: Optimize code structure without changing behavior.

Log Creation: Created this log file in `ai/ai.log` to track the interaction.
Timestamp: 2026-02-17 User Request: "i want you to create a folder tasks and append with great detail all the tasks on seperate fiiles there"

AI Assistant Output & Actions:

Task Expansion: The assistant expanded the previous high-level breakdown into detailed, file-based task descriptions located in the `tasks/` directory.
- `tasks/task_00_core.md`: Defined shared structs and API contracts to prevent blocking.
- `tasks/task_01_banner.md`: Detailed the TDD cycle for file reading and parsing (Dev 1).
- `tasks/task_02_input.md`: Detailed the TDD cycle for CLI argument validation and escape sequence handling (Dev 2).
- `tasks/task_03_rendering.md`: Detailed the TDD cycle for the rendering logic and multi-line support (Dev 3).

Log Update: Appended this action to `ai.log`.
Timestamp: 2026-02-17 User Request: "in the ai.log the timestamp does not follow todays date which is 2026-02-17"

AI Assistant Output & Actions:

Log Correction: The assistant updated the timestamps in `ai.log` to reflect the correct date (2026-02-17) as requested.