Timestamp: 2026-02-17 User Request: "can you read prd.md and divide it into tasks following a test driven development? the template for characters is on ascii_library.txt. the project will be performed with 3 people in order for us to work independently. i also want an ai.log appender that will be on folder ai that has the following format..."

AI Assistant Output & Actions:

Task Breakdown: The assistant analyzed `prd.md` and `ascii_library.txt` to create a modular task list suitable for 3 developers.
- Developer 1: Core Infrastructure & Banner Parsing (Data Layer).
- Developer 2: Input Processing & Validation (Input Layer).
- Developer 3: Rendering Engine (Logic Layer).

TDD Strategy: The assistant outlined a "Red-Green-Refactor" cycle for the team:
- Red: Write a failing test for a specific requirement (e.g., "Load Banner", "Handle Newline").
- Green: Implement the minimal code to pass the test.
- Refactor: Optimize code structure without changing behavior.

Log Creation: Created this log file in `ai/ai.log` to track the interaction.
Timestamp: 2026-02-17 User Request: "i want you to create a folder tasks and append with great detail all the tasks on seperate fiiles there"

AI Assistant Output & Actions:

Task Expansion: The assistant expanded the previous high-level breakdown into detailed, file-based task descriptions located in the `tasks/` directory.
- `tasks/task_00_core.md`: Defined shared structs and API contracts to prevent blocking.
- `tasks/task_01_banner.md`: Detailed the TDD cycle for file reading and parsing (Dev 1).
- `tasks/task_02_input.md`: Detailed the TDD cycle for CLI argument validation and escape sequence handling (Dev 2).
- `tasks/task_03_rendering.md`: Detailed the TDD cycle for the rendering logic and multi-line support (Dev 3).

Log Update: Appended this action to `ai.log`.
Timestamp: 2026-02-17 User Request: "in the ai.log the timestamp does not follow todays date which is 2026-02-17"

AI Assistant Output & Actions:

Log Correction: The assistant updated the timestamps in `ai.log` to reflect the correct date (2026-02-17) as requested.
Timestamp: 2026-02-17 User Request: "i want to add 2 extra files. one will have the golden tests and one will have the architecture"

AI Assistant Output & Actions:

Documentation Created:
- `architecture.md`: Created a detailed system architecture document describing the modules (Main, Input, Data, Logic), data flow, and directory structure.
- `golden_tests.md`: Created a testing strategy document outlining specific test cases (GT-01 to GT-08) and the implementation plan for Golden File testing.

Log Update: Appended this action to `ai.log`.
Timestamp: 2026-02-17 User Request: "this is false compared to what was discribed" (referring to Directory Structure)

AI Assistant Output & Actions:

Correction: The assistant updated the `Directory Structure` section in `architecture.md` to match the Standard Go Project Layout described in the `Modules` section, replacing the flat structure with the correct nested directory tree.

Log Update: Appended this action to `ai.log`.
Timestamp: 2026-02-17 User Request: "lets generate the golden tests now. write 10 tests and i will add more on golden_tests.md"

AI Assistant Output & Actions:

Test Generation: The assistant populated `golden_tests.md` with 10 distinct test cases (GT-01 to GT-10), covering lowercase, uppercase, numbers, special characters, newlines, empty strings, and consecutive newlines.

Log Update: Appended this action to `ai.log`.
Timestamp: 2026-02-17 User Request: "can you extend the tasks now based on the changes we performed on architecture and golden tests? i want you to monitor each process step by step and ensure testing after each function gets created"

AI Assistant Output & Actions:

Task Refinement: The assistant updated `task_00` through `task_03` to align with the Standard Go Project Layout (`internal/`, `pkg/`, `cmd/`) and added specific verification steps for each.
Task Creation: Created `task_04_integration.md` to explicitly handle the wiring of the application (`main.go`) and the implementation of the Golden File testing strategy defined in `golden_tests.md`.
Timestamp: 2026-02-17 User Request: "can you fix the format of the directory structure as it is messed up?"

AI Assistant Output & Actions:

Formatting Fix: The assistant corrected the formatting of the `Directory Structure` section in `architecture.md`, which had been corrupted into a single line, restoring it to a readable tree format.

Log Update: Appended this action to `ai.log`.
Timestamp: 2026-02-17 User Request: "i want you to read prd.md golden_tests.md and all the tasks with that particular order. then read architecture.md and ai.log so you know what has happened until now. i want you to check if anything is missing. When we will apply any changes you will update the ai.log. Is everything clear?"

AI Assistant Output & Actions:

Review & Correction:
- Reviewed all documentation and tasks.
- Identified missing `assets/banners/` directory creation in `task_00_core.md`.
- Identified missing default banner file specification in `task_04_integration.md`.
- Applied fixes to `task_00_core.md` and `task_04_integration.md` to ensure the project structure matches `architecture.md` and the main entry point has a valid default banner.

Log Update: Appended this action to `ai.log`.
Timestamp: 2026-02-17 User Request: "i want you generate acceptance criteria in the tasks and create a file with milestones.md"

AI Assistant Output & Actions:

Documentation Update:
- Added `Acceptance Criteria` sections to `task_00_core.md`, `task_01_banner.md`, `task_02_input.md`, `task_03_rendering.md`, and `task_04_integration.md` to provide clear definitions of done.
- Created `milestones.md` to group tasks into logical delivery phases (Foundation, Data/Input, Logic, Delivery).

Log Update: Appended this action to `ai.log`.
Timestamp: 2026-02-17 User Request: "is the project splitted into a work that will be done by 3 people? how would we work the project using branches? can simulate a small workflow here in the chat?"

AI Assistant Output & Actions:

Workflow Explanation:
- Confirmed the project is split into 3 distinct developer tasks (Banner, Input, Render) based on the task files.
- Proposed a Feature Branch Workflow: `main` as the source of truth, with feature branches `feat/banner`, `feat/input`, and `feat/render`.
- Simulated a collaborative session showing how the team initializes the core, branches out to work independently, and merges back via Pull Requests.

Log Update: Appended this action to `ai.log`.
Timestamp: 2026-02-17 User Request: "can you generate the previous answer again and append it exactly as it is in a file proposed_workflow.md?"

AI Assistant Output & Actions:

Documentation Created:
- Created `proposed_workflow.md` containing the detailed explanation of the 3-person workflow, branching strategy, and Git simulation provided in the previous turn.

Log Update: Appended this action to `ai.log`.
Timestamp: 2026-02-17 User Request: "are we ready to start with task_00 and create the layout so everyone can take over their work?"

AI Assistant Output & Actions:

Task 00 Execution (Core Infrastructure):
- Created `go.mod` to initialize the module.
- Created `pkg/model/banner.go` defining the shared `Banner` type.
- Created skeleton files in `cmd/ascii-art`, `internal/banner`, `internal/input`, and `internal/render` to establish the directory structure required by the architecture.

Log Update: Appended this action to `ai.log`.
Timestamp: 2026-02-17 User Request: "Start Task 00: Initialize the project structure and shared models."

AI Assistant Output & Actions:

Task 00 Execution:
- Initialized `go.mod`.
- Created directory structure (`cmd`, `internal`, `pkg`, `assets`, `test`).
- Created `pkg/model/banner.go` with the shared `Banner` type definition.
- Created placeholder files for `banner`, `input`, and `render` packages to establish the architecture.

Log Update: Appended this action to `ai.log`  .